data: !GeneratedTestData
  character: 23
  line: 261
  name: argument usage
result: null
