result: !SemanticTokens
  data:
  - 0
  - 0
  - 18
  - 29
  - 0
  - 1
  - 0
  - 40
  - 33
  - 1
  - 1
  - 4
  - 5
  - 39
  - 0
  - 0
  - 17
  - 5
  - 54
  - 0
  - 0
  - 5
  - 1
  - 21
  - 0
  - 0
  - 6
  - 8
  - 54
  - 0
  - 0
  - 8
  - 1
  - 21
  - 0
  - 1
  - 8
  - 3
  - 39
  - 1024
  - 1
  - 4
  - 3
  - 39
  - 0
  - 1
  - 4
  - 3
  - 39
  - 1024
  - 2
  - 0
  - 24
  - 33
  - 1
  - 1
  - 4
  - 5
  - 39
  - 0
  - 0
  - 17
  - 5
  - 54
  - 0
  - 0
  - 5
  - 1
  - 21
  - 0
  - 0
  - 9
  - 16
  - 54
  - 0
  - 0
  - 16
  - 1
  - 21
  - 0
  - 1
  - 8
  - 3
  - 39
  - 1024
  - 1
  - 4
  - 3
  - 39
  - 0
  result_id: null
