data: !GeneratedTestData
  character: 31
  line: 213
  name: counter variable usage
result: null
