data: !GeneratedTestData
  character: 39
  line: 106
  name: variable in inline else if expression
result:
- !DocumentHighlight
  kind: 1
  range:
    end:
      character: 39
      line: 106
    start:
      character: 39
      line: 106
