data: !GeneratedTestData
  character: 19
  line: 261
  name: argument usage
result: null
