data: !GeneratedTestData
  character: 16
  line: 253
  name: variable usage
result: null
