data: !GeneratedTestData
  character: 19
  line: 253
  name: variable usage
result: null
