data: !GeneratedTestData
  character: 14
  line: 261
  name: local variable usage
result: null
