data: !GeneratedTestData
  character: 13
  line: 210
  name: counter variable
result: null
