data: !GeneratedTestData
  character: 22
  line: 250
  name: variable definition in else block
result: null
