data: !GeneratedTestData
  character: 34
  line: 215
  name: another counter variable usage
result: null
