data: !GeneratedTestData
  character: 34
  line: 213
  name: counter variable usage
result: null
