data: !GeneratedTestData
  character: 13
  line: 226
  name: local variable definition
result: null
