data: !GeneratedTestData
  character: 18
  line: 229
  name: local variable assignment
result: null
