data: !GeneratedTestData
  character: 18
  line: 226
  name: local variable definition
result: null
