data: !GeneratedTestData
  character: 19
  line: 231
  name: local variable usage
result: null
