data: !GeneratedTestData
  character: 21
  line: 231
  name: local variable usage
result: null
