data: !GeneratedTestData
  character: 20
  line: 250
  name: variable definition in else block
result: null
