data: !GeneratedTestData
  character: 37
  line: 215
  name: another counter variable usage
result: null
