data: !GeneratedTestData
  character: 16
  line: 210
  name: counter variable
result: null
