data: !GeneratedTestData
  character: 21
  line: 253
  name: variable usage
result: null
