data: !GeneratedTestData
  character: 67
  line: 170
  name: an argument in doc
result: null
