data: !GeneratedTestData
  character: 16
  line: 161
  name: an argument in tags
result: null
