data: !GeneratedTestData
  character: 5
  line: 43
  name: BuiltIn Keyword
result:
- !LocationLink
  origin_selection_range:
    end:
      character: 7
      line: 43
    start:
      character: 4
      line: 43
  target_range:
    end:
      character: 0
      line: 3024
    start:
      character: 0
      line: 3023
  target_selection_range:
    end:
      character: 0
      line: 3024
    start:
      character: 0
      line: 3023
  target_uri: BuiltIn.py
