data: !GeneratedTestData
  character: 9
  line: 149
  name: Embedded keyword
result:
- !DocumentHighlight
  kind: 1
  range:
    end:
      character: 12
      line: 149
    start:
      character: 6
      line: 149
- !DocumentHighlight
  kind: 1
  range:
    end:
      character: 25
      line: 151
    start:
      character: 19
      line: 151
