data: !GeneratedTestData
  character: 1
  line: 132
  name: Embedded keyword
result: null
