data: !GeneratedTestData
  character: 67
  line: 156
  name: an argument in doc
result: null
