data: !GeneratedTestData
  character: 64
  line: 156
  name: an argument in doc
result: null
