data: !GeneratedTestData
  character: 13
  line: 41
  name: a var from resource
result:
- !DocumentHighlight
  kind: 1
  range:
    end:
      character: 31
      line: 41
    start:
      character: 13
      line: 41
