data: !GeneratedTestData
  character: 36
  line: 10
  name: Variable in library params
result: null
