data: !GeneratedTestData
  character: 21
  line: 175
  name: an argument in tags
result: null
