data: !GeneratedTestData
  character: 19
  line: 151
  name: embedded argument usage
result:
- !DocumentHighlight
  kind: 1
  range:
    end:
      character: 12
      line: 149
    start:
      character: 6
      line: 149
- !DocumentHighlight
  kind: 1
  range:
    end:
      character: 25
      line: 151
    start:
      character: 19
      line: 151
