data: !GeneratedTestData
  character: 19
  line: 161
  name: an argument in tags
result: null
