data: !GeneratedTestData
  character: 28
  line: 99
  name: a keyword in template
result:
- !LocationLink
  origin_selection_range:
    end:
      character: 29
      line: 99
    start:
      character: 26
      line: 99
  target_range:
    end:
      character: 0
      line: 3011
    start:
      character: 0
      line: 3010
  target_selection_range:
    end:
      character: 0
      line: 3011
    start:
      character: 0
      line: 3010
  target_uri: BuiltIn.py
