data: !GeneratedTestData
  character: 13
  line: 116
  name: argument usage
result: null
