data: !GeneratedTestData
  character: 69
  line: 170
  name: an argument in doc
result: null
