data: !GeneratedTestData
  character: 64
  line: 170
  name: an argument in doc
result: null
