data: !GeneratedTestData
  character: 2
  line: 132
  name: Embedded keyword
result: null
